// Jest Snapshot v1, https://goo.gl/fbAQLP

exports[`test renders properly 1`] = `
<div>
  loading...
</div>
`;
